// Jest Snapshot v1, https://goo.gl/fbAQLP

exports[`ButtonTable Should render the button table 1`] = `ShallowWrapper {}`;
